// Code generated by gensf. DO NOT EDIT.

package main

import "fmt"

func (value TestStruct) toHtml(prefix string) (out string) {

	// Field : a
	out += fmt.Sprintf(
		"\n<input type=\"text\" name=\"%sa\" value=\"%s\"><br>\n",
		prefix, fmt.Sprintf("%v", value.a))

	// Field : b
	out += fmt.Sprintf(
		"\n<input type=\"text\" name=\"%sb\" value=\"%s\"><br>\n",
		prefix, fmt.Sprintf("%v", value.b))

	return
}

func (value TestStruct) ToHtml() (out string) {
	return value.toHtml("TestStruct.")
}
