// Code generated by gensf. DO NOT EDIT.

package main

import "fmt"

func (value TestStruct) toHtml(prefix string) (out string) {

	// Field : a

	out += fmt.Sprintf("\n<br><strong>internal paramenter</strong><br>\n")
	out += fmt.Sprintf(
		"\n<input type=\"text\" name=\"%sa\" value=\"%s\"><br>\n",
		prefix, fmt.Sprintf("%v", value.a))

	// Field : Rvalue

	out += fmt.Sprintf("\n<br><strong>Rvalue is exported struct field</strong><br>\n")
	out += fmt.Sprintf(
		"\n<input type=\"text\" name=\"%sRvalue\" value=\"%s\"><br>\n",
		prefix, fmt.Sprintf("%v", value.Rvalue))

	return
}

func (value TestStruct) ToHtml() (out string) {
	return value.toHtml("TestStruct.")
}
