// Code generated by gensf. DO NOT EDIT.

package main

import "fmt"

func (value TestStruct) toHtml(prefix string) (out string) {

	// Field : dd

	out += fmt.Sprintf("\n<br><strong>One text</strong><br>\n")
	out += fmt.Sprintf(
		"\n<input type=\"text\" name=\"%sdd\" value=\"%s\"><br>\n",
		prefix, fmt.Sprintf("%v", value.dd))

	// Field : d
	out += fmt.Sprintf(
		"\n<input type=\"text\" name=\"%sd\" value=\"%s\"><br>\n",
		prefix, fmt.Sprintf("%v", value.d))

	return
}

func (value TestStruct) ToHtml() (out string) {
	return value.toHtml("TestStruct.")
}
