// Code generated by gensf. DO NOT EDIT.

package main

import "fmt"

func (value Se) toHtml(prefix string) (out string) {

	// Field : f

	out += fmt.Sprintf("\n<br><strong>f is ...</strong><br>\n")
	out += fmt.Sprintf(
		"\n<input type=\"text\" name=\"%sf\" value=\"%s\"><br>\n",
		prefix, fmt.Sprintf("%v", value.f))

	// Field : r

	out += fmt.Sprintf("\n<br><strong>external</strong><br>\n")

	// Field : r.o

	out += fmt.Sprintf("\n<br><strong>o - d</strong><br>\n")
	out += fmt.Sprintf(
		"\n<input type=\"text\" name=\"%sr.o\" value=\"%s\"><br>\n",
		prefix, fmt.Sprintf("%v", value.r.o))

	return
}

func (value Se) ToHtml() (out string) {
	return value.toHtml("Se.")
}

func (value TestStruct) toHtml(prefix string) (out string) {

	// Field : seValue

	out += fmt.Sprintf("\n<br><strong>seValue is ...</strong><br>\n")
	out += value.toHtml(fmt.Sprintf("%sseValue.", prefix))

	return
}

func (value TestStruct) ToHtml() (out string) {
	return value.toHtml("TestStruct.")
}
